{
  "type" : "Module",
  "loc" : "test/cli/parse-tree-json-with-locs/parse-tree-json-with-locs1.rb:3:1-9:4",
  "declLoc" : "test/cli/parse-tree-json-with-locs/parse-tree-json-with-locs1.rb:3:1-3:9",
  "name" : {
    "type" : "Const",
    "loc" : "test/cli/parse-tree-json-with-locs/parse-tree-json-with-locs1.rb:3:8-3:9",
    "scope" : null,
    "name" : "A"
  },
  "body" : {
    "type" : "Module",
    "loc" : "test/cli/parse-tree-json-with-locs/parse-tree-json-with-locs1.rb:4:3-8:6",
    "declLoc" : "test/cli/parse-tree-json-with-locs/parse-tree-json-with-locs1.rb:4:3-4:11",
    "name" : {
      "type" : "Const",
      "loc" : "test/cli/parse-tree-json-with-locs/parse-tree-json-with-locs1.rb:4:10-4:11",
      "scope" : null,
      "name" : "B"
    },
    "body" : {
      "type" : "DefMethod",
      "loc" : "test/cli/parse-tree-json-with-locs/parse-tree-json-with-locs1.rb:5:5-7:8",
      "declLoc" : "test/cli/parse-tree-json-with-locs/parse-tree-json-with-locs1.rb:5:5-5:12",
      "name" : "foo",
      "params" : null,
      "body" : {
        "type" : "String",
        "loc" : "test/cli/parse-tree-json-with-locs/parse-tree-json-with-locs1.rb:6:7-6:12",
        "val" : "foo"
      }
    }
  }
}
{
  "type" : "Class",
  "loc" : "test/cli/parse-tree-json-with-locs/parse-tree-json-with-locs2.rb:3:1-8:4",
  "declLoc" : "test/cli/parse-tree-json-with-locs/parse-tree-json-with-locs2.rb:3:1-3:8",
  "name" : {
    "type" : "Const",
    "loc" : "test/cli/parse-tree-json-with-locs/parse-tree-json-with-locs2.rb:3:7-3:8",
    "scope" : null,
    "name" : "C"
  },
  "superclass" : null,
  "body" : {
    "type" : "Begin",
    "loc" : "test/cli/parse-tree-json-with-locs/parse-tree-json-with-locs2.rb:4:3-7:20",
    "stmts" : [
      {
        "type" : "Send",
        "loc" : "test/cli/parse-tree-json-with-locs/parse-tree-json-with-locs2.rb:4:3-4:12",
        "receiver" : null,
        "method" : "include",
        "methodLoc" : "test/cli/parse-tree-json-with-locs/parse-tree-json-with-locs2.rb:4:3-4:10",
        "args" : [
          {
            "type" : "Const",
            "loc" : "test/cli/parse-tree-json-with-locs/parse-tree-json-with-locs2.rb:4:11-4:12",
            "scope" : null,
            "name" : "A"
          }
        ]
      },
      {
        "type" : "Send",
        "loc" : "test/cli/parse-tree-json-with-locs/parse-tree-json-with-locs2.rb:5:3-5:12",
        "receiver" : null,
        "method" : "include",
        "methodLoc" : "test/cli/parse-tree-json-with-locs/parse-tree-json-with-locs2.rb:5:3-5:10",
        "args" : [
          {
            "type" : "Const",
            "loc" : "test/cli/parse-tree-json-with-locs/parse-tree-json-with-locs2.rb:5:11-5:12",
            "scope" : null,
            "name" : "B"
          }
        ]
      },
      {
        "type" : "DefMethod",
        "loc" : "test/cli/parse-tree-json-with-locs/parse-tree-json-with-locs2.rb:7:3-7:20",
        "declLoc" : "test/cli/parse-tree-json-with-locs/parse-tree-json-with-locs2.rb:7:3-7:10",
        "name" : "bar",
        "params" : null,
        "body" : {
          "type" : "Send",
          "loc" : "test/cli/parse-tree-json-with-locs/parse-tree-json-with-locs2.rb:7:12-7:15",
          "receiver" : null,
          "method" : "foo",
          "methodLoc" : "test/cli/parse-tree-json-with-locs/parse-tree-json-with-locs2.rb:7:12-7:15",
          "args" : [
          ]
        }
      }
    ]
  }
}
{
  "type" : "Class",
  "loc" : "test/cli/parse-tree-json-with-locs/parse-tree-json-with-locs3.rb:3:1-8:4",
  "declLoc" : "test/cli/parse-tree-json-with-locs/parse-tree-json-with-locs3.rb:3:1-3:11",
  "name" : {
    "type" : "Const",
    "loc" : "test/cli/parse-tree-json-with-locs/parse-tree-json-with-locs3.rb:3:7-3:11",
    "scope" : null,
    "name" : "Main"
  },
  "superclass" : null,
  "body" : {
    "type" : "DefMethod",
    "loc" : "test/cli/parse-tree-json-with-locs/parse-tree-json-with-locs3.rb:4:3-7:6",
    "declLoc" : "test/cli/parse-tree-json-with-locs/parse-tree-json-with-locs3.rb:4:3-4:11",
    "name" : "main",
    "params" : null,
    "body" : {
      "type" : "Begin",
      "loc" : "test/cli/parse-tree-json-with-locs/parse-tree-json-with-locs3.rb:5:5-6:15",
      "stmts" : [
        {
          "type" : "Send",
          "loc" : "test/cli/parse-tree-json-with-locs/parse-tree-json-with-locs3.rb:5:5-5:10",
          "receiver" : {
            "type" : "Const",
            "loc" : "test/cli/parse-tree-json-with-locs/parse-tree-json-with-locs3.rb:5:5-5:6",
            "scope" : null,
            "name" : "A"
          },
          "method" : "new",
          "methodLoc" : "test/cli/parse-tree-json-with-locs/parse-tree-json-with-locs3.rb:5:7-5:10",
          "args" : [
          ]
        },
        {
          "type" : "Send",
          "loc" : "test/cli/parse-tree-json-with-locs/parse-tree-json-with-locs3.rb:6:5-6:15",
          "receiver" : null,
          "method" : "puts",
          "methodLoc" : "test/cli/parse-tree-json-with-locs/parse-tree-json-with-locs3.rb:6:5-6:9",
          "args" : [
            {
              "type" : "Send",
              "loc" : "test/cli/parse-tree-json-with-locs/parse-tree-json-with-locs3.rb:6:10-6:15",
              "receiver" : {
                "type" : "Send",
                "loc" : "test/cli/parse-tree-json-with-locs/parse-tree-json-with-locs3.rb:6:10-6:11",
                "receiver" : null,
                "method" : "a",
                "methodLoc" : "test/cli/parse-tree-json-with-locs/parse-tree-json-with-locs3.rb:6:10-6:11",
                "args" : [
                ]
              },
              "method" : "foo",
              "methodLoc" : "test/cli/parse-tree-json-with-locs/parse-tree-json-with-locs3.rb:6:12-6:15",
              "args" : [
              ]
            }
          ]
        }
      ]
    }
  }
}
